<html>
<body>
<pre>
<h1>礦ision Build Log</h1>
<h2>Tool Versions:</h2>
IDE-Version: μVision V5.36.0.0
Copyright (C) 2021 ARM Ltd and ARM Germany GmbH. All rights reserved.
License Information: 1 996615997@qq.com, 1, LIC=X96CK-Z3PUP-WF5I7-ELK9L-27WG1-UARP5
 
Tool Versions:
Toolchain:       MDK-ARM Plus  Version: 5.36.0.0
Toolchain Path:  E:\Keil_v5\ARM\ARMCC\Bin
C Compiler:      Armcc.exe V5.06 update 7 (build 960)
Assembler:       Armasm.exe V5.06 update 7 (build 960)
Linker/Locator:  ArmLink.exe V5.06 update 7 (build 960)
Library Manager: ArmAr.exe V5.06 update 7 (build 960)
Hex Converter:   FromElf.exe V5.06 update 7 (build 960)
CPU DLL:         SARMCM3.DLL V5.36.0.0
Dialog DLL:      DCM.DLL V1.17.3.0
Target DLL:      STLink\ST-LINKIII-KEIL_SWO.dll V3.0.9.0
Dialog DLL:      TCM.DLL V1.53.0.0
 
<h2>Project:</h2>
D:\FreeRTOS_韦东山\[01-02]基础_FreeRTOS入门与工程实践\文档和源码\02_FreeRTOS程序\02_视频配套的源码\05_create_task\01_freertos_template\MDK-ARM\01_freertos_template.uvprojx
Project File Date:  03/23/2026

<h2>Output:</h2>
*** Using Compiler 'V5.06 update 7 (build 960)', folder: 'E:\Keil_v5\ARM\ARMCC\Bin'
Build target '01_freertos_template'
assembling startup_stm32f103xb.s...
compiling music.c...
compiling stm32f1xx_hal_msp.c...
compiling i2c.c...
compiling main.c...
compiling spi.c...
compiling stm32f1xx_hal_timebase_tim.c...
compiling stm32f1xx_it.c...
compiling adc.c...
compiling tim.c...
compiling gpio.c...
compiling usb.c...
compiling freertos.c...
../Core/Src/freertos.c(132): warning:  #167-D: argument of type "void (*)(void)" is incompatible with parameter of type "TaskFunction_t"
    xLightTaskHandle = xTaskCreateStatic(Led_Test, "LightTask", 128, NULL, osPriorityNormal, g_pucStackOfLightTask, &g_TCBofLightTask);
../Core/Src/freertos.c(135): warning:  #167-D: argument of type "void (*)(void)" is incompatible with parameter of type "TaskFunction_t"
    xColorTaskHandle = xTaskCreateStatic(ColorLED_Test, "ColorTask", 128, NULL, osPriorityNormal, g_pucStackOfColorTask, &g_TCBofColorTask);
../Core/Src/freertos.c(102): warning:  #550-D: variable "ret"  was set but never used
  	BaseType_t ret;
../Core/Src/freertos.c(70): warning:  #550-D: variable "xLightTaskHandle"  was set but never used
  static TaskHandle_t xLightTaskHandle;
../Core/Src/freertos.c(74): warning:  #550-D: variable "xColorTaskHandle"  was set but never used
  static TaskHandle_t xColorTaskHandle;
../Core/Src/freertos.c: 5 warnings, 0 errors
compiling stm32f1xx_hal_gpio_ex.c...
compiling usart.c...
compiling stm32f1xx_hal_adc_ex.c...
compiling stm32f1xx_hal_adc.c...
compiling stm32f1xx_hal.c...
compiling stm32f1xx_hal_rcc_ex.c...
compiling stm32f1xx_hal_gpio.c...
compiling stm32f1xx_hal_flash.c...
compiling stm32f1xx_hal_dma.c...
compiling stm32f1xx_hal_pwr.c...
compiling stm32f1xx_hal_cortex.c...
compiling croutine.c...
compiling stm32f1xx_hal_exti.c...
compiling stm32f1xx_hal_flash_ex.c...
compiling stm32f1xx_hal_rcc.c...
compiling event_groups.c...
compiling list.c...
compiling stm32f1xx_hal_spi.c...
compiling stream_buffer.c...
compiling timers.c...
compiling queue.c...
compiling heap_4.c...
compiling tasks.c...
compiling port.c...
compiling stm32f1xx_hal_tim_ex.c...
compiling stm32f1xx_hal_i2c.c...
compiling cmsis_os2.c...
compiling driver_lcd.c...
compiling stm32f1xx_hal_uart.c...
compiling stm32f1xx_hal_tim.c...
compiling stm32f1xx_hal_pcd_ex.c...
compiling system_stm32f1xx.c...
compiling stm32f1xx_hal_pcd.c...
compiling stm32f1xx_ll_usb.c...
compiling driver_mpu6050.c...
compiling driver_oled.c...
..\Drivers\DshanMCU-F103\driver_oled.c(156): warning:  #177-D: function "OLED_WriteData"  was declared but never referenced
  static int OLED_WriteData(uint8_t data)
..\Drivers\DshanMCU-F103\driver_oled.c(204): warning:  #177-D: function "OLED_H_Scroll"  was declared but never referenced
  static void OLED_H_Scroll(H_SCROLL_DIR dir, uint8_t start, uint8_t fr_time, uint8_t end)
..\Drivers\DshanMCU-F103\driver_oled.c(228): warning:  #177-D: function "OLED_HV_Scroll"  was declared but never referenced
  static void OLED_HV_Scroll(HV_SCROLL_DIR dir, uint8_t start, uint8_t fr_time, uint8_t end, uint8_t offset)
..\Drivers\DshanMCU-F103\driver_oled.c(248): warning:  #177-D: function "OLED_SetVScrollArea"  was declared but never referenced
  static void OLED_SetVScrollArea(uint8_t area, uint8_t row_num)
..\Drivers\DshanMCU-F103\driver_oled.c(297): warning:  #177-D: function "OLED_SetColAddr_HV"  was declared but never referenced
  static void OLED_SetColAddr_HV(uint8_t start, uint8_t end)
..\Drivers\DshanMCU-F103\driver_oled.c(314): warning:  #177-D: function "OLED_SetPageAddr_HV"  was declared but never referenced
  static void OLED_SetPageAddr_HV(uint8_t start, uint8_t end)
..\Drivers\DshanMCU-F103\driver_oled.c(420): warning:  #177-D: function "OLED_SetPreChargePeriod"  was declared but never referenced
  static void OLED_SetPreChargePeriod(uint8_t phase1, uint8_t phase2)
..\Drivers\DshanMCU-F103\driver_oled.c(434): warning:  #177-D: function "OLED_SetVcomhLevel"  was declared but never referenced
  static void OLED_SetVcomhLevel(VCOMH_LEVEL level)
..\Drivers\DshanMCU-F103\driver_oled.c: 8 warnings, 0 errors
compiling driver_timer.c...
compiling driver_ds18b20.c...
compiling driver_dht11.c...
compiling driver_led.c...
compiling driver_color_led.c...
compiling driver_active_buzzer.c...
compiling driver_ir_receiver.c...
compiling driver_ir_sender.c...
compiling driver_passive_buzzer.c...
compiling driver_light_sensor.c...
compiling driver_ir_obstacle.c...
compiling driver_ultrasonic_sr04.c...
compiling driver_spiflash_w25q64.c...
compiling driver_rotary_encoder.c...
compiling driver_irq.c...
compiling driver_motor.c...
compiling driver_key.c...
compiling driver_uart.c...
..\Drivers\DshanMCU-F103\driver_uart.c(106): warning:  #2748-D: null argument provided for parameter marked with attribute "nonnull"
          c = fgetc(NULL);
..\Drivers\DshanMCU-F103\driver_uart.c: 1 warning, 0 errors
linking...
Program Size: Code=19312 RO-data=2608 RW-data=4208 ZI-data=10592  
FromELF: creating hex file...
"01_freertos_template\01_freertos_template.axf" - 0 Error(s), 14 Warning(s).

<h2>Software Packages used:</h2>

Package Vendor: ARM
                http://www.keil.com/pack/ARM.CMSIS.5.8.0.pack
                ARM.CMSIS.5.8.0
                CMSIS (Common Microcontroller Software Interface Standard)
   * Component: CORE Version: 5.5.0

Package Vendor: Keil
                http://www.keil.com/pack/Keil.STM32F1xx_DFP.2.3.0.pack
                Keil.STM32F1xx_DFP.2.3.0
                STMicroelectronics STM32F1 Series Device Support, Drivers and Examples

<h2>Collection of Component include folders:</h2>
  .\RTE\_01_freertos_template
  E:\Keil_v5\ARM\CMSIS\5.8.0\CMSIS\Core\Include
  E:\Keil_v5\Keil\STM32F1xx_DFP\2.3.0\Device\Include

<h2>Collection of Component Files used:</h2>

   * Component: ARM::CMSIS:CORE:5.5.0
      Include file:  CMSIS\Core\Include\tz_context.h
Build Time Elapsed:  00:00:05
</pre>
</body>
</html>
