<html>
<body>
<pre>
<h1>µVision Build Log</h1>
<h2>Tool Versions:</h2>
IDE-Version: ¦ÌVision V5.36.0.0
Copyright (C) 2021 ARM Ltd and ARM Germany GmbH. All rights reserved.
License Information: 1 996615997@qq.com, 1, LIC=X96CK-Z3PUP-WF5I7-ELK9L-27WG1-UARP5
 
Tool Versions:
Toolchain:       MDK-ARM Plus  Version: 5.36.0.0
Toolchain Path:  E:\Keil_v5\ARM\ARMCC\Bin
C Compiler:      Armcc.exe V5.06 update 7 (build 960)
Assembler:       Armasm.exe V5.06 update 7 (build 960)
Linker/Locator:  ArmLink.exe V5.06 update 7 (build 960)
Library Manager: ArmAr.exe V5.06 update 7 (build 960)
Hex Converter:   FromElf.exe V5.06 update 7 (build 960)
CPU DLL:         SARMCM3.DLL V5.36.0.0
Dialog DLL:      DCM.DLL V1.17.3.0
Target DLL:      Segger\JL2CM3.dll V2.99.40.0
Dialog DLL:      TCM.DLL V1.53.0.0
 
<h2>Project:</h2>
D:\MCU_Study\embedded_studying_code\STM32_WeiDongShan\02_FreeRTOS\delete_task\MDK-ARM\01_freertos_template.uvprojx
Project File Date:  03/24/2026

<h2>Output:</h2>
*** Using Compiler 'V5.06 update 7 (build 960)', folder: 'E:\Keil_v5\ARM\ARMCC\Bin'
Build target '01_freertos_template'
compiling freertos.c...
../Core/Src/freertos.c(136): warning:  #177-D: variable "xSoundTaskHandle"  was declared but never referenced
  	TaskHandle_t xSoundTaskHandle;
../Core/Src/freertos.c(137): warning:  #177-D: variable "ret"  was declared but never referenced
  	BaseType_t ret;
../Core/Src/freertos.c(68): warning:  #177-D: variable "g_pucStackOfLightTask"  was declared but never referenced
  static StackType_t g_pucStackOfLightTask[128];
../Core/Src/freertos.c(69): warning:  #177-D: variable "g_TCBofLightTask"  was declared but never referenced
  static StaticTask_t g_TCBofLightTask;
../Core/Src/freertos.c(70): warning:  #177-D: variable "xLightTaskHandle"  was declared but never referenced
  static TaskHandle_t xLightTaskHandle;
../Core/Src/freertos.c(72): warning:  #177-D: variable "g_pucStackOfColorTask"  was declared but never referenced
  static StackType_t g_pucStackOfColorTask[128];
../Core/Src/freertos.c(73): warning:  #177-D: variable "g_TCBofColorTask"  was declared but never referenced
  static StaticTask_t g_TCBofColorTask;
../Core/Src/freertos.c(74): warning:  #177-D: variable "xColorTaskHandle"  was declared but never referenced
  static TaskHandle_t xColorTaskHandle;
../Core/Src/freertos.c: 8 warnings, 0 errors
linking...
Program Size: Code=17760 RO-data=2408 RW-data=256 ZI-data=9384  
FromELF: creating hex file...
"01_freertos_template\01_freertos_template.axf" - 0 Error(s), 8 Warning(s).

<h2>Software Packages used:</h2>

Package Vendor: ARM
                http://www.keil.com/pack/ARM.CMSIS.5.8.0.pack
                ARM.CMSIS.5.8.0
                CMSIS (Common Microcontroller Software Interface Standard)
   * Component: CORE Version: 5.5.0

Package Vendor: Keil
                http://www.keil.com/pack/Keil.STM32F1xx_DFP.2.3.0.pack
                Keil.STM32F1xx_DFP.2.3.0
                STMicroelectronics STM32F1 Series Device Support, Drivers and Examples

<h2>Collection of Component include folders:</h2>
  .\RTE\_01_freertos_template
  E:\Keil_v5\ARM\CMSIS\5.8.0\CMSIS\Core\Include
  E:\Keil_v5\Keil\STM32F1xx_DFP\2.3.0\Device\Include

<h2>Collection of Component Files used:</h2>

   * Component: ARM::CMSIS:CORE:5.5.0
      Include file:  CMSIS\Core\Include\tz_context.h
Build Time Elapsed:  00:00:01
</pre>
</body>
</html>
